<html>
<body>
<pre>
<h1>礦ision Build Log</h1>
<h2>Project:</h2>
D:\shang\教学工作\nbiot\NBIOT实验-2020\第三次实验\04_STM32L_单片机源代码\08_UDP模拟网络灯发温湿度数据\STM32L1xx_StdPeriph_Lib_V1.3.1\Project\Test\MDK-ARM\Project.uvproj
Project File Date:  10/30/2018

<h2>Output:</h2>
Rebuild target 'STM32L1XX_MDP(STM32L1xxxCxx)'
compiling main.c...
..\..\HARDWARE\LED\led.h(6): warning:  #1-D: last line of file ends without a newline
..\..\HARDWARE\delay\delay.h(4): warning:  #47-D: incompatible redefinition of macro "u8" (declared at line 5 of "..\..\HARDWARE\usart\usart.h")
..\..\HARDWARE\delay\delay.h(5): warning:  #47-D: incompatible redefinition of macro "u16" (declared at line 6 of "..\..\HARDWARE\usart\usart.h")
..\..\HARDWARE\delay\delay.h(6): warning:  #47-D: incompatible redefinition of macro "u32" (declared at line 7 of "..\..\HARDWARE\usart\usart.h")
..\main.c(78): warning:  #167-D: argument of type "unsigned char *" is incompatible with parameter of type "char *"
..\main.c(56): warning:  #177-D: variable "i" was declared but never referenced
compiling stm32l1xx_it.c...
compiling BC95.c...
..\..\HARDWARE\BC95\BC95.c(9): warning:  #177-D: variable "i" was declared but never referenced
..\..\HARDWARE\BC95\BC95.c(18): warning:  #223-D: function "Delay" declared implicitly
..\..\HARDWARE\BC95\BC95.c(139): warning:  #223-D: function "Delay" declared implicitly
..\..\HARDWARE\BC95\BC95.c(173): warning:  #223-D: function "Delay" declared implicitly
..\..\HARDWARE\BC95\BC95.c(196): warning:  #223-D: function "Delay" declared implicitly
..\..\HARDWARE\BC95\BC95.c(221): warning:  #223-D: function "Delay" declared implicitly
..\..\HARDWARE\BC95\BC95.c(240): warning:  #1-D: last line of file ends without a newline
..\..\HARDWARE\BC95\BC95.c(208): warning:  #177-D: variable "nexti" was declared but never referenced
compiling misc.c...
compiling stm32l1xx_adc.c...
compiling stm32l1xx_aes.c...
compiling stm32l1xx_comp.c...
compiling stm32l1xx_crc.c...
compiling stm32l1xx_dac.c...
compiling stm32l1xx_dbgmcu.c...
compiling stm32l1xx_dma.c...
compiling stm32l1xx_exti.c...
compiling stm32l1xx_flash.c...
compiling stm32l1xx_flash_ramfunc.c...
compiling stm32l1xx_fsmc.c...
compiling stm32l1xx_gpio.c...
compiling stm32l1xx_i2c.c...
compiling stm32l1xx_iwdg.c...
compiling stm32l1xx_lcd.c...
compiling stm32l1xx_opamp.c...
compiling stm32l1xx_pwr.c...
compiling stm32l1xx_rcc.c...
compiling stm32l1xx_rtc.c...
compiling stm32l1xx_sdio.c...
compiling stm32l1xx_spi.c...
compiling stm32l1xx_syscfg.c...
compiling stm32l1xx_tim.c...
compiling stm32l1xx_usart.c...
compiling stm32l1xx_wwdg.c...
compiling stm32l1xx_aes_util.c...
compiling system_stm32l1xx.c...
assembling startup_stm32l1xx_mdp.s...
compiling usart.c...
..\..\HARDWARE\usart\usart.c(152): warning:  #177-D: variable "Res" was declared but never referenced
compiling timer.c...
..\..\HARDWARE\LED\led.h(6): warning:  #1-D: last line of file ends without a newline
compiling LED.c...
..\..\HARDWARE\LED\led.h(6): warning:  #1-D: last line of file ends without a newline
..\..\HARDWARE\LED\LED.c(9): warning:  #1-D: last line of file ends without a newline
compiling delay.c...
compiling dht11.c...
linking...
Program Size: Code=5072 RO-data=324 RW-data=84 ZI-data=1348  
FromELF: creating hex file...
".\STM32L1XX_MDP\STM32L1XX_MDP.axf" - 0 Errors, 18 Warning(s).
